MemTotal:        2030976 kB
MemFree:           84148 kB
MemAvailable:     286328 kB
Buffers:            4748 kB
Cached:           363772 kB
SwapCached:            0 kB
Active:          1412872 kB
Inactive:         248020 kB
Active(anon):    1309400 kB
Inactive(anon):    63784 kB
Active(file):     103472 kB
Inactive(file):   184236 kB
Unevictable:        6160 kB
Mlocked:            6160 kB
SwapTotal:             0 kB
SwapFree:              0 kB
Dirty:              6316 kB
Writeback:             0 kB
AnonPages:       1298644 kB
Mapped:           300364 kB
Shmem:             76776 kB
KReclaimable:      33892 kB
Slab:             131040 kB
SReclaimable:      33892 kB
SUnreclaim:        97148 kB
KernelStack:       25712 kB
ShadowCallStack:    6432 kB
PageTables:        50184 kB
NFS_Unstable:          0 kB
Bounce:                0 kB
WritebackTmp:          0 kB
CommitLimit:     1015488 kB
Committed_AS:   43965592 kB
VmallocTotal:   262930368 kB
VmallocUsed:       39272 kB
VmallocChunk:          0 kB
Percpu:             3008 kB
CmaTotal:         323584 kB
CmaFree:               0 kB

